Archive member included to satisfy reference by file (symbol)

E:/avr-gcc-14.1.0-x64-windows/bin/../lib/gcc/avr/14.1.0/avr5\libgcc.a(_exit.o)
                              E:/avr-gcc-14.1.0-x64-windows/bin/../lib/gcc/avr/14.1.0/../../../../avr/lib/avr5/crtatmega32.o (exit)
E:/avr-gcc-14.1.0-x64-windows/bin/../lib/gcc/avr/14.1.0/avr5\libgcc.a(_copy_data.o)
                              build/motor.o (__do_copy_data)

Discarded input sections

 .data          0x00000000        0x0 E:/avr-gcc-14.1.0-x64-windows/bin/../lib/gcc/avr/14.1.0/../../../../avr/lib/avr5/crtatmega32.o
 .bss           0x00000000        0x0 E:/avr-gcc-14.1.0-x64-windows/bin/../lib/gcc/avr/14.1.0/../../../../avr/lib/avr5/crtatmega32.o
 .text          0x00000000        0x0 build/switches.o
 .data          0x00000000        0x0 build/switches.o
 .bss           0x00000000        0x0 build/switches.o
 .text          0x00000000        0x0 build/gpio.o
 .data          0x00000000        0x0 build/gpio.o
 .bss           0x00000000        0x0 build/gpio.o
 .text          0x00000000        0x0 build/motor.o
 .data          0x00000000        0x0 build/motor.o
 .bss           0x00000000        0x0 build/motor.o
 .text.Motor_CustomMove
                0x00000000       0x2a build/motor.o
 .text          0x00000000        0x0 build/main.o
 .data          0x00000000        0x0 build/main.o
 .bss           0x00000000        0x0 build/main.o
 .text          0x00000000        0x0 E:/avr-gcc-14.1.0-x64-windows/bin/../lib/gcc/avr/14.1.0/avr5\libgcc.a(_exit.o)
 .data          0x00000000        0x0 E:/avr-gcc-14.1.0-x64-windows/bin/../lib/gcc/avr/14.1.0/avr5\libgcc.a(_exit.o)
 .bss           0x00000000        0x0 E:/avr-gcc-14.1.0-x64-windows/bin/../lib/gcc/avr/14.1.0/avr5\libgcc.a(_exit.o)
 .text.libgcc.mul
                0x00000000        0x0 E:/avr-gcc-14.1.0-x64-windows/bin/../lib/gcc/avr/14.1.0/avr5\libgcc.a(_exit.o)
 .text.libgcc.div
                0x00000000        0x0 E:/avr-gcc-14.1.0-x64-windows/bin/../lib/gcc/avr/14.1.0/avr5\libgcc.a(_exit.o)
 .text.libgcc   0x00000000        0x0 E:/avr-gcc-14.1.0-x64-windows/bin/../lib/gcc/avr/14.1.0/avr5\libgcc.a(_exit.o)
 .text.libgcc.prologue
                0x00000000        0x0 E:/avr-gcc-14.1.0-x64-windows/bin/../lib/gcc/avr/14.1.0/avr5\libgcc.a(_exit.o)
 .text.libgcc.builtins
                0x00000000        0x0 E:/avr-gcc-14.1.0-x64-windows/bin/../lib/gcc/avr/14.1.0/avr5\libgcc.a(_exit.o)
 .text.libgcc.fmul
                0x00000000        0x0 E:/avr-gcc-14.1.0-x64-windows/bin/../lib/gcc/avr/14.1.0/avr5\libgcc.a(_exit.o)
 .text.libgcc.fixed
                0x00000000        0x0 E:/avr-gcc-14.1.0-x64-windows/bin/../lib/gcc/avr/14.1.0/avr5\libgcc.a(_exit.o)
 .text          0x00000000        0x0 E:/avr-gcc-14.1.0-x64-windows/bin/../lib/gcc/avr/14.1.0/avr5\libgcc.a(_copy_data.o)
 .data          0x00000000        0x0 E:/avr-gcc-14.1.0-x64-windows/bin/../lib/gcc/avr/14.1.0/avr5\libgcc.a(_copy_data.o)
 .bss           0x00000000        0x0 E:/avr-gcc-14.1.0-x64-windows/bin/../lib/gcc/avr/14.1.0/avr5\libgcc.a(_copy_data.o)
 .text.libgcc.mul
                0x00000000        0x0 E:/avr-gcc-14.1.0-x64-windows/bin/../lib/gcc/avr/14.1.0/avr5\libgcc.a(_copy_data.o)
 .text.libgcc.div
                0x00000000        0x0 E:/avr-gcc-14.1.0-x64-windows/bin/../lib/gcc/avr/14.1.0/avr5\libgcc.a(_copy_data.o)
 .text.libgcc   0x00000000        0x0 E:/avr-gcc-14.1.0-x64-windows/bin/../lib/gcc/avr/14.1.0/avr5\libgcc.a(_copy_data.o)
 .text.libgcc.prologue
                0x00000000        0x0 E:/avr-gcc-14.1.0-x64-windows/bin/../lib/gcc/avr/14.1.0/avr5\libgcc.a(_copy_data.o)
 .text.libgcc.builtins
                0x00000000        0x0 E:/avr-gcc-14.1.0-x64-windows/bin/../lib/gcc/avr/14.1.0/avr5\libgcc.a(_copy_data.o)
 .text.libgcc.fmul
                0x00000000        0x0 E:/avr-gcc-14.1.0-x64-windows/bin/../lib/gcc/avr/14.1.0/avr5\libgcc.a(_copy_data.o)
 .text.libgcc.fixed
                0x00000000        0x0 E:/avr-gcc-14.1.0-x64-windows/bin/../lib/gcc/avr/14.1.0/avr5\libgcc.a(_copy_data.o)

Memory Configuration

Name             Origin             Length             Attributes
text             0x00000000         0x00008000         xr
data             0x00800060         0x00000800         rw!x
eeprom           0x00810000         0x00000400         rw!x
fuse             0x00820000         0x00000002         rw!x
lock             0x00830000         0x00000400         rw!x
signature        0x00840000         0x00000400         rw!x
user_signatures  0x00850000         0x00000400         rw!x
*default*        0x00000000         0xffffffff

Linker script and memory map

LOAD E:/avr-gcc-14.1.0-x64-windows/bin/../lib/gcc/avr/14.1.0/../../../../avr/lib/avr5/crtatmega32.o
LOAD build/switches.o
LOAD build/gpio.o
LOAD build/motor.o
LOAD build/main.o
START GROUP
LOAD E:/avr-gcc-14.1.0-x64-windows/bin/../lib/gcc/avr/14.1.0/avr5\libgcc.a
LOAD E:/avr-gcc-14.1.0-x64-windows/bin/../lib/gcc/avr/14.1.0/../../../../avr/lib/avr5\libm.a
LOAD E:/avr-gcc-14.1.0-x64-windows/bin/../lib/gcc/avr/14.1.0/../../../../avr/lib/avr5\libc.a
LOAD E:/avr-gcc-14.1.0-x64-windows/bin/../lib/gcc/avr/14.1.0/../../../../avr/lib/avr5\libatmega32.a
END GROUP
                [0x00000000]                      __TEXT_REGION_ORIGIN__ = DEFINED (__TEXT_REGION_ORIGIN__)?__TEXT_REGION_ORIGIN__:0x0
                [0x00008000]                      __TEXT_REGION_LENGTH__ = DEFINED (__TEXT_REGION_LENGTH__)?__TEXT_REGION_LENGTH__:0x20000
                [0x00800060]                      __DATA_REGION_ORIGIN__ = DEFINED (__DATA_REGION_ORIGIN__)?__DATA_REGION_ORIGIN__:0x800060
                [0x00000800]                      __DATA_REGION_LENGTH__ = DEFINED (__DATA_REGION_LENGTH__)?__DATA_REGION_LENGTH__:0xffa0
                [0x00000400]                      __EEPROM_REGION_LENGTH__ = DEFINED (__EEPROM_REGION_LENGTH__)?__EEPROM_REGION_LENGTH__:0x10000
                [0x00000002]                      __FUSE_REGION_LENGTH__ = DEFINED (__FUSE_REGION_LENGTH__)?__FUSE_REGION_LENGTH__:0x400
                0x00000400                        __LOCK_REGION_LENGTH__ = DEFINED (__LOCK_REGION_LENGTH__)?__LOCK_REGION_LENGTH__:0x400
                0x00000400                        __SIGNATURE_REGION_LENGTH__ = DEFINED (__SIGNATURE_REGION_LENGTH__)?__SIGNATURE_REGION_LENGTH__:0x400
                0x00000400                        __USER_SIGNATURE_REGION_LENGTH__ = DEFINED (__USER_SIGNATURE_REGION_LENGTH__)?__USER_SIGNATURE_REGION_LENGTH__:0x400

.hash
 *(.hash)

.dynsym
 *(.dynsym)

.dynstr
 *(.dynstr)

.gnu.version
 *(.gnu.version)

.gnu.version_d
 *(.gnu.version_d)

.gnu.version_r
 *(.gnu.version_r)

.rel.init
 *(.rel.init)

.rela.init
 *(.rela.init)

.rel.text
 *(.rel.text)
 *(.rel.text.*)
 *(.rel.gnu.linkonce.t*)

.rela.text
 *(.rela.text)
 *(.rela.text.*)
 *(.rela.gnu.linkonce.t*)

.rel.fini
 *(.rel.fini)

.rela.fini
 *(.rela.fini)

.rel.rodata
 *(.rel.rodata)
 *(.rel.rodata.*)
 *(.rel.gnu.linkonce.r*)

.rela.rodata
 *(.rela.rodata)
 *(.rela.rodata.*)
 *(.rela.gnu.linkonce.r*)

.rel.data
 *(.rel.data)
 *(.rel.data.*)
 *(.rel.gnu.linkonce.d*)

.rela.data
 *(.rela.data)
 *(.rela.data.*)
 *(.rela.gnu.linkonce.d*)

.rel.ctors
 *(.rel.ctors)

.rela.ctors
 *(.rela.ctors)

.rel.dtors
 *(.rel.dtors)

.rela.dtors
 *(.rela.dtors)

.rel.got
 *(.rel.got)

.rela.got
 *(.rela.got)

.rel.bss
 *(.rel.bss)

.rela.bss
 *(.rela.bss)

.rel.plt
 *(.rel.plt)

.rela.plt
 *(.rela.plt)

.text           0x00000000      0x326
 *(.vectors)
 .vectors       0x00000000       0x54 E:/avr-gcc-14.1.0-x64-windows/bin/../lib/gcc/avr/14.1.0/../../../../avr/lib/avr5/crtatmega32.o
                0x00000000                __vector_default
                0x00000000                __vectors
 *(.vectors)
 *(.progmem.gcc*)
                0x00000054                        . = ALIGN (0x2)
                0x00000054                        __trampolines_start = .
 *(.trampolines)
 .trampolines   0x00000054        0x0 linker stubs
 *(.trampolines*)
                0x00000054                        __trampolines_end = .
 *libprintf_flt.a:*(.progmem.data)
 *libc.a:*(.progmem.data)
 *(.progmem.*)
                0x00000054                        . = ALIGN (0x2)
 *(.lowtext)
 *(.lowtext*)
                0x00000054                        __ctors_start = .
 *(.ctors)
                0x00000054                        __ctors_end = .
                0x00000054                        __dtors_start = .
 *(.dtors)
                0x00000054                        __dtors_end = .
 SORT_BY_NAME(*)(.ctors)
 SORT_BY_NAME(*)(.dtors)
 *(.init0)
 .init0         0x00000054        0x0 E:/avr-gcc-14.1.0-x64-windows/bin/../lib/gcc/avr/14.1.0/../../../../avr/lib/avr5/crtatmega32.o
                0x00000054                __init
 *(.init0)
 *(.init1)
 *(.init1)
 *(.init2)
 .init2         0x00000054        0xc E:/avr-gcc-14.1.0-x64-windows/bin/../lib/gcc/avr/14.1.0/../../../../avr/lib/avr5/crtatmega32.o
 *(.init2)
 *(.init3)
 *(.init3)
 *(.init4)
 .init4         0x00000060       0x16 E:/avr-gcc-14.1.0-x64-windows/bin/../lib/gcc/avr/14.1.0/avr5\libgcc.a(_copy_data.o)
                0x00000060                __do_copy_data
 *(.init4)
 *(.init5)
 *(.init5)
 *(.init6)
 *(.init6)
 *(.init7)
 *(.init7)
 *(.init8)
 *(.init8)
 *(.init9)
 .init9         0x00000076        0x8 E:/avr-gcc-14.1.0-x64-windows/bin/../lib/gcc/avr/14.1.0/../../../../avr/lib/avr5/crtatmega32.o
 *(.init9)
 *(.text)
 .text          0x0000007e        0x4 E:/avr-gcc-14.1.0-x64-windows/bin/../lib/gcc/avr/14.1.0/../../../../avr/lib/avr5/crtatmega32.o
                0x0000007e                __vector_1
                0x0000007e                __vector_12
                0x0000007e                __bad_interrupt
                0x0000007e                __vector_6
                0x0000007e                __vector_3
                0x0000007e                __vector_11
                0x0000007e                __vector_13
                0x0000007e                __vector_17
                0x0000007e                __vector_19
                0x0000007e                __vector_7
                0x0000007e                __vector_5
                0x0000007e                __vector_4
                0x0000007e                __vector_9
                0x0000007e                __vector_2
                0x0000007e                __vector_15
                0x0000007e                __vector_8
                0x0000007e                __vector_14
                0x0000007e                __vector_10
                0x0000007e                __vector_16
                0x0000007e                __vector_18
                0x0000007e                __vector_20
                0x00000082                        . = ALIGN (0x2)
 *(.text.*)
 .text.SWITCH_Init
                0x00000082        0xe build/switches.o
                0x00000082                SWITCH_Init
 .text.SWITCH_GetStates
                0x00000090       0x74 build/switches.o
                0x00000090                SWITCH_GetStates
 .text.GPIO_SetPinDirection
                0x00000104       0x28 build/gpio.o
                0x00000104                GPIO_SetPinDirection
 .text.GPIO_WritePin
                0x0000012c       0x52 build/gpio.o
                0x0000012c                GPIO_WritePin
 .text.GPIO_ReadPin
                0x0000017e       0x14 build/gpio.o
                0x0000017e                GPIO_ReadPin
 .text.Motor_SetDirection
                0x00000192       0x3a build/motor.o
                0x00000192                Motor_SetDirection
 .text.Motor_StopAll
                0x000001cc       0x30 build/motor.o
                0x000001cc                Motor_StopAll
 .text.Motor_Init
                0x000001fc       0x34 build/motor.o
                0x000001fc                Motor_Init
 .text.Motor_MoveForward
                0x00000230       0x20 build/motor.o
                0x00000230                Motor_MoveForward
 .text.Motor_MoveBackward
                0x00000250       0x20 build/motor.o
                0x00000250                Motor_MoveBackward
 .text.Motor_TurnLeft
                0x00000270       0x20 build/motor.o
                0x00000270                Motor_TurnLeft
 .text.Motor_TurnRight
                0x00000290       0x20 build/motor.o
                0x00000290                Motor_TurnRight
 .text.startup.main
                0x000002b0       0x72 build/main.o
                0x000002b0                main
                0x00000322                        . = ALIGN (0x2)
 *(.fini9)
 .fini9         0x00000322        0x0 E:/avr-gcc-14.1.0-x64-windows/bin/../lib/gcc/avr/14.1.0/avr5\libgcc.a(_exit.o)
                0x00000322                _exit
                0x00000322                exit
 *(.fini9)
 *(.fini8)
 *(.fini8)
 *(.fini7)
 *(.fini7)
 *(.fini6)
 *(.fini6)
 *(.fini5)
 *(.fini5)
 *(.fini4)
 *(.fini4)
 *(.fini3)
 *(.fini3)
 *(.fini2)
 *(.fini2)
 *(.fini1)
 *(.fini1)
 *(.fini0)
 .fini0         0x00000322        0x4 E:/avr-gcc-14.1.0-x64-windows/bin/../lib/gcc/avr/14.1.0/avr5\libgcc.a(_exit.o)
 *(.fini0)
 *(.hightext)
 *(.hightext*)
 *(.progmemx.*)
                0x00000326                        . = ALIGN (0x2)
 *(.jumptables)
 *(.jumptables*)
                0x00000326                        _etext = .

.data           0x00800060        0x4 load address 0x00000326
                0x00800060                        PROVIDE (__data_start = .)
 *(.data)
 *(.data*)
 *(.gnu.linkonce.d*)
 *(.rodata)
 *(.rodata*)
 .rodata.motorConfig
                0x00800060        0x4 build/motor.o
 *(.gnu.linkonce.r*)
                0x00800064                        . = ALIGN (0x2)
                0x00800064                        _edata = .
                0x00800064                        PROVIDE (__data_end = .)

.bss            0x00800064        0x0
                [!provide]                        PROVIDE (__bss_start = .)
 *(.bss)
 *(.bss*)
 *(COMMON)
                [!provide]                        PROVIDE (__bss_end = .)
                0x00000326                        __data_load_start = LOADADDR (.data)
                0x0000032a                        __data_load_end = (__data_load_start + SIZEOF (.data))

.noinit         0x00800064        0x0
                [!provide]                        PROVIDE (__noinit_start = .)
 *(.noinit .noinit.* .gnu.linkonce.n.*)
                [!provide]                        PROVIDE (__noinit_end = .)
                0x00800064                        _end = .
                [!provide]                        PROVIDE (__heap_start = .)
                [!provide]                        PROVIDE (__flmap_init_label = DEFINED (__flmap_noinit_start)?__flmap_noinit_start:0x0)
                [!provide]                        PROVIDE (__flmap = DEFINED (__flmap)?__flmap:0x0)

.eeprom         0x00810000        0x0
 *(.eeprom*)
                0x00810000                        __eeprom_end = .

.fuse
 *(.fuse)
 *(.lfuse)
 *(.hfuse)
 *(.efuse)

.lock
 *(.lock*)

.signature
 *(.signature*)

.stab
 *(.stab)

.stabstr
 *(.stabstr)

.stab.excl
 *(.stab.excl)

.stab.exclstr
 *(.stab.exclstr)

.stab.index
 *(.stab.index)

.stab.indexstr
 *(.stab.indexstr)

.comment        0x00000000       0x12
 *(.comment)
 .comment       0x00000000       0x12 build/switches.o
                                 0x13 (size before relaxing)
 .comment       0x00000012       0x13 build/gpio.o
 .comment       0x00000012       0x13 build/motor.o
 .comment       0x00000012       0x13 build/main.o

.note.gnu.avr.deviceinfo
                0x00000000       0x3c
 .note.gnu.avr.deviceinfo
                0x00000000       0x3c E:/avr-gcc-14.1.0-x64-windows/bin/../lib/gcc/avr/14.1.0/../../../../avr/lib/avr5/crtatmega32.o

.gnu.build.attributes
 *(.gnu.build.attributes .gnu.build.attributes.*)

.note.gnu.build-id
 *(.note.gnu.build-id)

.debug
 *(.debug)

.line
 *(.line)

.debug_srcinfo
 *(.debug_srcinfo)

.debug_sfnames
 *(.debug_sfnames)

.debug_aranges  0x00000000       0x40
 *(.debug_aranges)
 .debug_aranges
                0x00000000       0x20 E:/avr-gcc-14.1.0-x64-windows/bin/../lib/gcc/avr/14.1.0/avr5\libgcc.a(_exit.o)
 .debug_aranges
                0x00000020       0x20 E:/avr-gcc-14.1.0-x64-windows/bin/../lib/gcc/avr/14.1.0/avr5\libgcc.a(_copy_data.o)

.debug_pubnames
 *(.debug_pubnames)

.debug_info     0x00000000      0x52e
 *(.debug_info .gnu.linkonce.wi.*)
 .debug_info    0x00000000      0x4e6 E:/avr-gcc-14.1.0-x64-windows/bin/../lib/gcc/avr/14.1.0/../../../../avr/lib/avr5/crtatmega32.o
 .debug_info    0x000004e6       0x24 E:/avr-gcc-14.1.0-x64-windows/bin/../lib/gcc/avr/14.1.0/avr5\libgcc.a(_exit.o)
 .debug_info    0x0000050a       0x24 E:/avr-gcc-14.1.0-x64-windows/bin/../lib/gcc/avr/14.1.0/avr5\libgcc.a(_copy_data.o)

.debug_abbrev   0x00000000      0x4cb
 *(.debug_abbrev)
 .debug_abbrev  0x00000000      0x4a3 E:/avr-gcc-14.1.0-x64-windows/bin/../lib/gcc/avr/14.1.0/../../../../avr/lib/avr5/crtatmega32.o
 .debug_abbrev  0x000004a3       0x14 E:/avr-gcc-14.1.0-x64-windows/bin/../lib/gcc/avr/14.1.0/avr5\libgcc.a(_exit.o)
 .debug_abbrev  0x000004b7       0x14 E:/avr-gcc-14.1.0-x64-windows/bin/../lib/gcc/avr/14.1.0/avr5\libgcc.a(_copy_data.o)

.debug_line     0x00000000       0xf5
 *(.debug_line .debug_line.* .debug_line_end)
 .debug_line    0x00000000       0x1d E:/avr-gcc-14.1.0-x64-windows/bin/../lib/gcc/avr/14.1.0/../../../../avr/lib/avr5/crtatmega32.o
 .debug_line    0x0000001d       0x51 E:/avr-gcc-14.1.0-x64-windows/bin/../lib/gcc/avr/14.1.0/avr5\libgcc.a(_exit.o)
 .debug_line    0x0000006e       0x87 E:/avr-gcc-14.1.0-x64-windows/bin/../lib/gcc/avr/14.1.0/avr5\libgcc.a(_copy_data.o)

.debug_frame
 *(.debug_frame)

.debug_str      0x00000000      0x1fe
 *(.debug_str)
 .debug_str     0x00000000      0x196 E:/avr-gcc-14.1.0-x64-windows/bin/../lib/gcc/avr/14.1.0/../../../../avr/lib/avr5/crtatmega32.o
 .debug_str     0x00000196       0x68 E:/avr-gcc-14.1.0-x64-windows/bin/../lib/gcc/avr/14.1.0/avr5\libgcc.a(_exit.o)
 .debug_str     0x000001fe       0x68 E:/avr-gcc-14.1.0-x64-windows/bin/../lib/gcc/avr/14.1.0/avr5\libgcc.a(_copy_data.o)

.debug_loc
 *(.debug_loc)

.debug_macinfo
 *(.debug_macinfo)

.debug_weaknames
 *(.debug_weaknames)

.debug_funcnames
 *(.debug_funcnames)

.debug_typenames
 *(.debug_typenames)

.debug_varnames
 *(.debug_varnames)

.debug_pubtypes
 *(.debug_pubtypes)

.debug_ranges
 *(.debug_ranges)

.debug_addr
 *(.debug_addr)

.debug_line_str
                0x00000000       0x5c
 *(.debug_line_str)
 .debug_line_str
                0x00000000       0x5c E:/avr-gcc-14.1.0-x64-windows/bin/../lib/gcc/avr/14.1.0/avr5\libgcc.a(_exit.o)
 .debug_line_str
                0x0000005c       0x5c E:/avr-gcc-14.1.0-x64-windows/bin/../lib/gcc/avr/14.1.0/avr5\libgcc.a(_copy_data.o)

.debug_loclists
 *(.debug_loclists)

.debug_macro
 *(.debug_macro)

.debug_names
 *(.debug_names)

.debug_rnglists
 *(.debug_rnglists)

.debug_str_offsets
 *(.debug_str_offsets)

.debug_sup
 *(.debug_sup)
OUTPUT(build/motor_control.elf elf32-avr)
LOAD linker stubs
